src/controllers/auth.controller.v2.ts(278,35): error TS2345: Argument of type 'Error' is not assignable to parameter of type 'Record<string, unknown>'.
  Index signature for type 'string' is missing in type 'Error'.
src/controllers/news.controller.ts(319,16): error TS2322: Type 'string' is not assignable to type 'number | IntFilter<"Keyword"> | undefined'.
src/controllers/news.controller.ts(406,44): error TS2339: Property 'generateSummary' does not exist on type 'typeof import("C:/Users/james/Desktop/talktimes/jiksend-backend/src/services/news/ai-summary-service")'.
src/controllers/news.controller.ts(435,30): error TS2339: Property 'processedCount' does not exist on type 'number'.
src/controllers/news.controller.ts(436,27): error TS2339: Property 'failedCount' does not exist on type 'number'.
src/controllers/news.controller.ts(449,40): error TS2551: Property 'getNewsStatistics' does not exist on type 'typeof import("C:/Users/james/Desktop/talktimes/jiksend-backend/src/services/news/news-repository")'. Did you mean 'getNewsStats'?
src/middlewares/validation.middleware.ts(21,18): error TS2339: Property 'param' does not exist on type 'ValidationError'.
  Property 'param' does not exist on type 'AlternativeValidationError'.
src/routes/auth.routes.ts(67,25): error TS2769: No overload matches this call.
  Overload 1 of 5, '(payload: string | object | Buffer, secretOrPrivateKey: null, options?: (SignOptions & { algorithm: "none"; }) | undefined): string', gave the following error.
    Argument of type 'string' is not assignable to parameter of type 'null'.
  Overload 2 of 5, '(payload: string | object | Buffer, secretOrPrivateKey: Secret | PrivateKeyInput | JsonWebKeyInput, options?: SignOptions | undefined): string', gave the following error.
    Type 'string | undefined' is not assignable to type 'number | StringValue | undefined'.
      Type 'string' is not assignable to type 'number | StringValue | undefined'.
  Overload 3 of 5, '(payload: string | object | Buffer, secretOrPrivateKey: Secret | PrivateKeyInput | JsonWebKeyInput, callback: SignCallback): void', gave the following error.
    Object literal may only specify known properties, and 'expiresIn' does not exist in type 'SignCallback'.
src/routes/auth.routes.ts(97,34): error TS2345: Argument of type '{ redirect_uri: string | undefined; client_id: string | undefined; access_type: string; response_type: string; prompt: string; scope: string; }' is not assignable to parameter of type 'string | Record<string, string> | URLSearchParams | string[][] | undefined'.
  Type '{ redirect_uri: string | undefined; client_id: string | undefined; access_type: string; response_type: string; prompt: string; scope: string; }' is not assignable to type 'Record<string, string>'.
    Property 'redirect_uri' is incompatible with index signature.
      Type 'string | undefined' is not assignable to type 'string'.
        Type 'undefined' is not assignable to type 'string'.
src/routes/auth.routes.v2.ts(5,10): error TS2724: '"../middlewares/validation.middleware"' has no exported member named 'validationMiddleware'. Did you mean 'createValidationMiddleware'?
src/routes/health.routes.ts(56,33): error TS2345: Argument of type '"DATABASE_ERROR"' is not assignable to parameter of type 'ErrorCode'.
src/routes/health.routes.ts(127,33): error TS2345: Argument of type '"SYSTEM_ERROR"' is not assignable to parameter of type 'ErrorCode'.
src/routes/news.routes.v2.ts(97,10): error TS7006: Parameter 'req' implicitly has an 'any' type.
src/routes/news.routes.v2.ts(97,15): error TS7006: Parameter 'res' implicitly has an 'any' type.
src/routes/news.routes.v2.ts(97,20): error TS7006: Parameter 'next' implicitly has an 'any' type.
src/routes/news.routes.v2.ts(127,45): error TS2339: Property 'updateNews' does not exist on type 'typeof NewsValidation'.
src/routes/news.routes.v2.ts(128,18): error TS2339: Property 'updateNews' does not exist on type 'typeof import("C:/Users/james/Desktop/talktimes/jiksend-backend/src/controllers/news.controller")'.
src/routes/news.routes.v2.ts(139,18): error TS2339: Property 'deleteNews' does not exist on type 'typeof import("C:/Users/james/Desktop/talktimes/jiksend-backend/src/controllers/news.controller")'.
src/routes/news.routes.v2.ts(164,18): error TS2339: Property 'createNewsSummary' does not exist on type 'typeof import("C:/Users/james/Desktop/talktimes/jiksend-backend/src/controllers/news.controller")'.
src/routes/news.routes.v2.ts(192,45): error TS2339: Property 'createNewsCollection' does not exist on type 'typeof NewsValidation'.
src/routes/news.routes.v2.ts(193,18): error TS2339: Property 'createNewsCollection' does not exist on type 'typeof import("C:/Users/james/Desktop/talktimes/jiksend-backend/src/controllers/news.controller")'.
src/routes/news.routes.v2.ts(204,18): error TS2339: Property 'getNewsCollections' does not exist on type 'typeof import("C:/Users/james/Desktop/talktimes/jiksend-backend/src/controllers/news.controller")'.
src/routes/news.routes.v2.ts(214,45): error TS2339: Property 'updateNewsCollection' does not exist on type 'typeof NewsValidation'.
src/routes/news.routes.v2.ts(215,18): error TS2339: Property 'updateNewsCollection' does not exist on type 'typeof import("C:/Users/james/Desktop/talktimes/jiksend-backend/src/controllers/news.controller")'.
src/routes/translations.routes.v2.ts(25,25): error TS2339: Property 'createTranslation' does not exist on type 'typeof import("C:/Users/james/Desktop/talktimes/jiksend-backend/src/controllers/translation.controller")'.
src/routes/translations.routes.v2.ts(36,25): error TS2339: Property 'createBatchTranslations' does not exist on type 'typeof import("C:/Users/james/Desktop/talktimes/jiksend-backend/src/controllers/translation.controller")'.
src/routes/translations.routes.v2.ts(45,30): error TS2345: Argument of type 'ValidationChain' is not assignable to parameter of type 'ValidationChain[]'.
  Type 'ValidationChain' is missing the following properties from type 'ValidationChain[]': pop, push, concat, join, and 28 more.
src/routes/translations.routes.v2.ts(46,25): error TS2339: Property 'getTranslation' does not exist on type 'typeof import("C:/Users/james/Desktop/talktimes/jiksend-backend/src/controllers/translation.controller")'.
src/routes/translations.routes.v2.ts(57,25): error TS2339: Property 'getTranslationHistory' does not exist on type 'typeof import("C:/Users/james/Desktop/talktimes/jiksend-backend/src/controllers/translation.controller")'.
src/routes/translations.routes.v2.ts(66,30): error TS2345: Argument of type 'ValidationChain' is not assignable to parameter of type 'ValidationChain[]'.
  Type 'ValidationChain' is missing the following properties from type 'ValidationChain[]': pop, push, concat, join, and 28 more.
src/routes/translations.routes.v2.ts(67,25): error TS2339: Property 'deleteTranslation' does not exist on type 'typeof import("C:/Users/james/Desktop/talktimes/jiksend-backend/src/controllers/translation.controller")'.
src/routes/translations.routes.v2.ts(82,5): error TS2322: Type '(req: Request<ParamsDictionary, any, any, ParsedQs, Record<string, any>>) => string | undefined' is not assignable to type '(req: Request<ParamsDictionary, any, any, ParsedQs, Record<string, any>>) => string'.
  Type 'string | undefined' is not assignable to type 'string'.
    Type 'undefined' is not assignable to type 'string'.
src/routes/translations.routes.v2.ts(87,21): error TS2339: Property 'textLength' does not exist on type 'typeof ValidationRules'.
src/routes/translations.routes.v2.ts(89,25): error TS2339: Property 'createPublicTranslation' does not exist on type 'typeof import("C:/Users/james/Desktop/talktimes/jiksend-backend/src/controllers/translation.controller")'.
src/routes/translations.routes.v2.ts(102,30): error TS2345: Argument of type 'ValidationChain' is not assignable to parameter of type 'ValidationChain[]'.
  Type 'ValidationChain' is missing the following properties from type 'ValidationChain[]': pop, push, concat, join, and 28 more.
src/routes/translations.routes.v2.ts(103,25): error TS2339: Property 'getUserTranslationPreferences' does not exist on type 'typeof import("C:/Users/james/Desktop/talktimes/jiksend-backend/src/controllers/translation.controller")'.
src/routes/translations.routes.v2.ts(114,27): error TS2339: Property 'updatePreferences' does not exist on type 'typeof TranslationValidation'.
src/routes/translations.routes.v2.ts(116,25): error TS2339: Property 'updateUserTranslationPreferences' does not exist on type 'typeof import("C:/Users/james/Desktop/talktimes/jiksend-backend/src/controllers/translation.controller")'.
src/routes/translations.routes.v2.ts(129,3): error TS2554: Expected 3 arguments, but got 1.
src/routes/translations.routes.v2.ts(129,3): error TS2769: No overload matches this call.
  The last overload gave the following error.
    Argument of type 'void' is not assignable to parameter of type 'RequestHandlerParams<ParamsDictionary, any, any, ParsedQs, Record<string, any>>'.
src/routes/translations.routes.v2.ts(130,25): error TS2339: Property 'getTranslationCacheStatus' does not exist on type 'typeof import("C:/Users/james/Desktop/talktimes/jiksend-backend/src/controllers/translation.controller")'.
src/routes/translations.routes.v2.ts(139,3): error TS2554: Expected 3 arguments, but got 1.
src/routes/translations.routes.v2.ts(139,3): error TS2769: No overload matches this call.
  The last overload gave the following error.
    Argument of type 'void' is not assignable to parameter of type 'RequestHandlerParams<ParamsDictionary, any, any, ParsedQs, Record<string, any>>'.
src/routes/translations.routes.v2.ts(140,52): error TS2339: Property 'cleanupCache' does not exist on type 'typeof TranslationValidation'.
src/routes/translations.routes.v2.ts(141,25): error TS2339: Property 'cleanupTranslationCache' does not exist on type 'typeof import("C:/Users/james/Desktop/talktimes/jiksend-backend/src/controllers/translation.controller")'.
src/routes/translations.routes.v2.ts(150,3): error TS2554: Expected 3 arguments, but got 1.
src/routes/translations.routes.v2.ts(150,3): error TS2769: No overload matches this call.
  The last overload gave the following error.
    Argument of type 'void' is not assignable to parameter of type 'RequestHandlerParams<ParamsDictionary, any, any, ParsedQs, Record<string, any>>'.
src/routes/translations.routes.v2.ts(151,30): error TS2345: Argument of type 'ValidationChain' is not assignable to parameter of type 'ValidationChain[]'.
  Type 'ValidationChain' is missing the following properties from type 'ValidationChain[]': pop, push, concat, join, and 28 more.
src/routes/translations.routes.v2.ts(152,25): error TS2339: Property 'clearLanguageTranslationCache' does not exist on type 'typeof import("C:/Users/james/Desktop/talktimes/jiksend-backend/src/controllers/translation.controller")'.
src/routes/translations.routes.v2.ts(165,3): error TS2554: Expected 3 arguments, but got 1.
src/routes/translations.routes.v2.ts(165,3): error TS2769: No overload matches this call.
  The last overload gave the following error.
    Argument of type 'void' is not assignable to parameter of type 'RequestHandlerParams<ParamsDictionary, any, any, ParsedQs, Record<string, any>>'.
src/routes/translations.routes.v2.ts(167,25): error TS2339: Property 'getTranslationStatistics' does not exist on type 'typeof import("C:/Users/james/Desktop/talktimes/jiksend-backend/src/controllers/translation.controller")'.
src/routes/translations.routes.v2.ts(176,3): error TS2554: Expected 3 arguments, but got 1.
src/routes/translations.routes.v2.ts(176,3): error TS2769: No overload matches this call.
  The last overload gave the following error.
    Argument of type 'void' is not assignable to parameter of type 'RequestHandlerParams<ParamsDictionary, any, any, ParsedQs, Record<string, any>>'.
src/routes/translations.routes.v2.ts(178,25): error TS2339: Property 'getLanguageStatistics' does not exist on type 'typeof import("C:/Users/james/Desktop/talktimes/jiksend-backend/src/controllers/translation.controller")'.
src/scripts/test-supabase-connection.ts(37,36): error TS18048: 'info.info' is possibly 'undefined'.
src/scripts/test-supabase-connection.ts(38,33): error TS18048: 'info.info' is possibly 'undefined'.
src/scripts/test-supabase-connection.ts(39,35): error TS18048: 'info.info' is possibly 'undefined'.
src/scripts/test-supabase-connection.ts(40,32): error TS18048: 'info.info' is possibly 'undefined'.
src/scripts/test-supabase-connection.ts(41,32): error TS18048: 'info.info' is possibly 'undefined'.
src/scripts/test-supabase-connection.ts(41,67): error TS18048: 'info.info' is possibly 'undefined'.
src/scripts/test-supabase-connection.ts(42,34): error TS18048: 'info.info' is possibly 'undefined'.
src/scripts/test-supabase-connection.ts(51,23): error TS2339: Property 'forEach' does not exist on type 'number | never[]'.
  Property 'forEach' does not exist on type 'number'.
src/services/auth/session.service.ts(176,22): error TS2349: This expression is not callable.
  Type 'typeof UAParser' has no call signatures.
src/services/auth/token-service.ts(74,7): error TS2322: Type 'string' is not assignable to type 'number | StringValue | undefined'.
src/services/auth/token-service.ts(117,7): error TS2322: Type 'string' is not assignable to type 'number | StringValue | undefined'.
src/services/news/ai-summary-service.ts(43,20): error TS2339: Property 'updateNewsProcessingStatus' does not exist on type 'typeof import("C:/Users/james/Desktop/talktimes/jiksend-backend/src/services/news/news-repository")'.
src/services/news/ai-summary-service.ts(103,28): error TS2339: Property 'updateNewsProcessingStatus' does not exist on type 'typeof import("C:/Users/james/Desktop/talktimes/jiksend-backend/src/services/news/news-repository")'.
src/services/news/news-repository.ts(74,3): error TS2322: Type '{ id: string; title: string; url: string; source: string; sourceId: string; category: string; publishedAt: Date; excerpt: string; isProcessed: boolean; createdAt: Date; updatedAt: Date; imageUrl: string | null; content: string | null; }' is not assignable to type 'NewsItem'.
  Types of property 'content' are incompatible.
    Type 'string | null' is not assignable to type 'string | undefined'.
      Type 'null' is not assignable to type 'string | undefined'.
src/services/news/news-repository.ts(123,3): error TS2322: Type '{ id: string; title: string; url: string; source: string; sourceId: string; category: string; publishedAt: Date; excerpt: string; isProcessed: boolean; createdAt: Date; updatedAt: Date; imageUrl: string | null; content: string | null; }[]' is not assignable to type 'NewsItem[]'.
  Type '{ id: string; title: string; url: string; source: string; sourceId: string; category: string; publishedAt: Date; excerpt: string; isProcessed: boolean; createdAt: Date; updatedAt: Date; imageUrl: string | null; content: string | null; }' is not assignable to type 'NewsItem'.
    Types of property 'content' are incompatible.
      Type 'string | null' is not assignable to type 'string | undefined'.
        Type 'null' is not assignable to type 'string | undefined'.
src/services/news/news-repository.ts(135,3): error TS2322: Type '{ id: string; title: string; url: string; source: string; sourceId: string; category: string; publishedAt: Date; excerpt: string; isProcessed: boolean; createdAt: Date; updatedAt: Date; imageUrl: string | null; content: string | null; }[]' is not assignable to type 'NewsItem[]'.
  Type '{ id: string; title: string; url: string; source: string; sourceId: string; category: string; publishedAt: Date; excerpt: string; isProcessed: boolean; createdAt: Date; updatedAt: Date; imageUrl: string | null; content: string | null; }' is not assignable to type 'NewsItem'.
    Types of property 'content' are incompatible.
      Type 'string | null' is not assignable to type 'string | undefined'.
        Type 'null' is not assignable to type 'string | undefined'.
src/services/news/news-repository.ts(146,3): error TS2322: Type '{ id: string; title: string; url: string; source: string; sourceId: string; category: string; publishedAt: Date; excerpt: string; isProcessed: boolean; createdAt: Date; updatedAt: Date; imageUrl: string | null; content: string | null; }[]' is not assignable to type 'NewsItem[]'.
  Type '{ id: string; title: string; url: string; source: string; sourceId: string; category: string; publishedAt: Date; excerpt: string; isProcessed: boolean; createdAt: Date; updatedAt: Date; imageUrl: string | null; content: string | null; }' is not assignable to type 'NewsItem'.
    Types of property 'content' are incompatible.
      Type 'string | null' is not assignable to type 'string | undefined'.
        Type 'null' is not assignable to type 'string | undefined'.
src/services/translation/cache-manager.ts(150,47): error TS2345: Argument of type '{ by: "targetLang"[]; _sum: { usageCount: true; }; _count: { id: true; }; orderBy: { _sum: { usageCount: "desc"; }; }; }' is not assignable to parameter of type '{ by: "targetLang"[]; _sum: { usageCount: true; }; _count: { id: true; }; orderBy: { _sum: { usageCount: "desc"; }; }; } & { orderBy?: TranslationOrderByWithAggregationInput | TranslationOrderByWithAggregationInput[] | undefined; } & any[]'.
  Type '{ by: "targetLang"[]; _sum: { usageCount: true; }; _count: { id: true; }; orderBy: { _sum: { usageCount: "desc"; }; }; }' is missing the following properties from type 'any[]': length, pop, push, concat, and 29 more.
src/services/translation/translation-service.ts(192,7): error TS2322: Type '{ title: string; excerpt: string; content: string | undefined; originalTitle: string; originalExcerpt: string; originalContent: string | undefined; translatedLang: string; id: string; ... 8 more ...; imageUrl: string | null; }' is not assignable to type 'TranslatedNewsItem'.
  Types of property 'imageUrl' are incompatible.
    Type 'string | null' is not assignable to type 'string | undefined'.
      Type 'null' is not assignable to type 'string | undefined'.
src/utils/database.ts(134,23): error TS2339: Property 'length' does not exist on type 'number'.
